BL51 BANKED LINKER/LOCATER V5.12                                                        05/31/2010  00:09:58  PAGE 1


BL51 BANKED LINKER/LOCATER V5.12, INVOKED BY:
D:\KEIL\C51\BIN\BL51.EXE main.obj TO tm1638 RAMSIZE (256)


MEMORY MODEL: SMALL


INPUT MODULES INCLUDED:
  main.obj (MAIN)
  D:\KEIL\C51\LIB\C51S.LIB (?C_STARTUP)


LINK MAP OF MODULE:  tm1638 (MAIN)


            TYPE    BASE      LENGTH    RELOCATION   SEGMENT NAME
            -----------------------------------------------------

            * * * * * * *   D A T A   M E M O R Y   * * * * * * *
            REG     0000H     0008H     ABSOLUTE     "REG BANK 0"
            DATA    0008H     0030H     UNIT         ?DT?MAIN
            DATA    0038H     0006H     UNIT         _DATA_GROUP_
            DATA    003EH     0001H     UNIT         ?DT?_WRITE_ONELED?MAIN
            IDATA   003FH     0001H     UNIT         ?STACK

            * * * * * * *   C O D E   M E M O R Y   * * * * * * *
            CODE    0000H     0003H     ABSOLUTE     
            CODE    0003H     008DH     UNIT         ?PR?MAIN?MAIN
            CODE    0090H     0056H     UNIT         ?PR?_READ_KEY?MAIN
            CODE    00E6H     0038H     UNIT         ?PR?_WRITE_ALLLED?MAIN
            CODE    011EH     002EH     UNIT         ?PR?_INIT_TM1638?MAIN
            CODE    014CH     002BH     UNIT         ?PR?_WRITE_DATA?MAIN
            CODE    0177H     0022H     UNIT         ?PR?_TM1638_WRITE?MAIN
            CODE    0199H     001BH     UNIT         ?PR?_WRITE_ONELED?MAIN
            CODE    01B4H     0018H     UNIT         ?PR?TM1638_READ?MAIN
            CODE    01CCH     0017H     UNIT         ?PR?PRESENCE?MAIN
            CODE    01E3H     0016H     UNIT         ?CO?MAIN
            CODE    01F9H     0010H     UNIT         ?PR?_WRITE_COM?MAIN
            CODE    0209H     000CH     UNIT         ?C_C51STARTUP



OVERLAY MAP OF MODULE:   tm1638 (MAIN)


SEGMENT                          DATA_GROUP 
  +--> CALLED SEGMENT          START    LENGTH
----------------------------------------------
?C_C51STARTUP                  -----    -----
  +--> ?PR?MAIN?MAIN

?PR?MAIN?MAIN                  0038H    0002H
  +--> ?PR?PRESENCE?MAIN
  +--> ?PR?_INIT_TM1638?MAIN
  +--> ?PR?_WRITE_DATA?MAIN
  +--> ?PR?_READ_KEY?MAIN
  +--> ?PR?_WRITE_ALLLED?MAIN

BL51 BANKED LINKER/LOCATER V5.12                                                      05/31/2010  00:09:58  PAGE 2


?PR?PRESENCE?MAIN              -----    -----
  +--> ?PR?_TM1638_WRITE?MAIN
  +--> ?PR?TM1638_READ?MAIN

?PR?_TM1638_WRITE?MAIN         -----    -----
  +--> ?CO?MAIN

?PR?_INIT_TM1638?MAIN          -----    -----
  +--> ?PR?_WRITE_COM?MAIN
  +--> ?CO?MAIN
  +--> ?PR?_TM1638_WRITE?MAIN

?PR?_WRITE_COM?MAIN            -----    -----
  +--> ?CO?MAIN
  +--> ?PR?_TM1638_WRITE?MAIN

?PR?_WRITE_DATA?MAIN           -----    -----
  +--> ?CO?MAIN
  +--> ?PR?_WRITE_COM?MAIN
  +--> ?PR?_TM1638_WRITE?MAIN

?PR?_READ_KEY?MAIN             003AH    0004H
  +--> ?PR?_TM1638_WRITE?MAIN
  +--> ?PR?TM1638_READ?MAIN
  +--> ?CO?MAIN

?PR?_WRITE_ALLLED?MAIN         003AH    0002H
  +--> ?PR?_WRITE_DATA?MAIN



SYMBOL TABLE OF MODULE:  tm1638 (MAIN)

  VALUE           TYPE          NAME
  ----------------------------------

  -------         MODULE        MAIN
  C:0000H         SYMBOL        _ICE_DUMMY_
  D:0080H         PUBLIC        P0
  C:0090H         PUBLIC        _Read_key
  C:0003H         PUBLIC        main
  C:01F9H         PUBLIC        _Write_COM
  C:01F3H         PUBLIC        STB_SEL
  C:01E3H         PUBLIC        tab
  C:0180H         PUBLIC        _TM1638_Write
  D:0008H         PUBLIC        num
  C:01B4H         PUBLIC        TM1638_Read
  C:01CCH         PUBLIC        presence
  B:0080H.6       PUBLIC        CLK
  B:0080H.7       PUBLIC        DIO
  C:00E6H         PUBLIC        _Write_allLED
  C:0199H         PUBLIC        _Write_oneLED
  C:0153H         PUBLIC        _Write_DATA
  C:011EH         PUBLIC        _init_TM1638
  -------         PROC          L?0070
  -------         ENDPROC       L?0070
  -------         PROC          _TM1638_WRITE
BL51 BANKED LINKER/LOCATER V5.12                                                      05/31/2010  00:09:58  PAGE 3


  D:0007H         SYMBOL        DATA
  -------         DO            
  D:0006H         SYMBOL        i
  -------         ENDDO         
  C:0180H         LINE#         25
  C:0180H         LINE#         26
  C:0180H         LINE#         28
  C:0182H         LINE#         29
  C:0182H         LINE#         30
  C:0184H         LINE#         31
  C:0188H         LINE#         32
  C:018CH         LINE#         34
  C:018EH         LINE#         35
  C:0192H         LINE#         36
  C:0194H         LINE#         37
  C:0198H         LINE#         38
  -------         ENDPROC       _TM1638_WRITE
  -------         PROC          TM1638_READ
  -------         DO            
  D:0006H         SYMBOL        i
  D:0007H         SYMBOL        temp
  -------         ENDDO         
  C:01B4H         LINE#         39
  C:01B4H         LINE#         40
  C:01B4H         LINE#         42
  C:01B6H         LINE#         43
  C:01B8H         LINE#         44
  C:01B9H         LINE#         45
  C:01B9H         LINE#         46
  C:01BDH         LINE#         47
  C:01BFH         LINE#         48
  C:01C2H         LINE#         49
  C:01C5H         LINE#         50
  C:01C7H         LINE#         51
  C:01CBH         LINE#         52
  C:01CBH         LINE#         53
  -------         ENDPROC       TM1638_READ
  -------         PROC          _WRITE_COM
  D:0007H         SYMBOL        cmd
  D:0005H         SYMBOL        STB_CS
  C:01F9H         LINE#         54
  C:01F9H         LINE#         55
  C:01F9H         LINE#         56
  C:0200H         LINE#         57
  C:0203H         LINE#         58
  C:0208H         LINE#         59
  -------         ENDPROC       _WRITE_COM
  -------         PROC          _READ_KEY
  D:0005H         SYMBOL        STB_CS
  -------         DO            
  D:003AH         SYMBOL        c
  D:0003H         SYMBOL        i
  D:0004H         SYMBOL        key_value
  -------         ENDDO         
  C:0090H         LINE#         60
  C:0092H         LINE#         61
  C:0092H         LINE#         62
BL51 BANKED LINKER/LOCATER V5.12                                                      05/31/2010  00:09:58  PAGE 4


  C:0094H         LINE#         63
  C:0094H         LINE#         64
  C:0097H         LINE#         65
  C:0099H         LINE#         66
  C:00A6H         LINE#         67
  C:00AEH         LINE#         68
  C:00B0H         LINE#         69
  C:00C5H         LINE#         70
  C:00C7H         LINE#         71
  C:00DFH         LINE#         72
  C:00E3H         LINE#         73
  C:00E5H         LINE#         74
  -------         ENDPROC       _READ_KEY
  -------         PROC          L?0071
  -------         ENDPROC       L?0071
  -------         PROC          _WRITE_DATA
  D:0004H         SYMBOL        add
  D:0002H         SYMBOL        DATA
  D:0003H         SYMBOL        STB_CS
  C:0153H         LINE#         75
  C:0157H         LINE#         76
  C:0157H         LINE#         77
  C:015EH         LINE#         78
  C:0165H         LINE#         79
  C:016CH         LINE#         80
  C:0171H         LINE#         81
  C:0176H         LINE#         82
  -------         ENDPROC       _WRITE_DATA
  -------         PROC          _WRITE_ONELED
  D:003EH         SYMBOL        num
  D:0005H         SYMBOL        flag
  D:0003H         SYMBOL        STB_CS
  C:0199H         LINE#         92
  C:019BH         LINE#         93
  C:019BH         LINE#         94
  C:019EH         LINE#         95
  C:01A8H         LINE#         97
  C:01B3H         LINE#         98
  -------         ENDPROC       _WRITE_ONELED
  -------         PROC          _WRITE_ALLLED
  D:003AH         SYMBOL        LED_flag
  D:003BH         SYMBOL        STB_CS
  -------         DO            
  D:0001H         SYMBOL        i
  -------         ENDDO         
  C:00E6H         LINE#         99
  C:00EAH         LINE#         100
  C:00EAH         LINE#         102
  C:00ECH         LINE#         103
  C:00ECH         LINE#         104
  C:0102H         LINE#         105
  C:010DH         LINE#         107
  C:0119H         LINE#         108
  C:011DH         LINE#         109
  -------         ENDPROC       _WRITE_ALLLED
  -------         PROC          _INIT_TM1638
  D:0004H         SYMBOL        STB_CS
BL51 BANKED LINKER/LOCATER V5.12                                                      05/31/2010  00:09:58  PAGE 5


  -------         DO            
  D:0005H         SYMBOL        i
  -------         ENDDO         
  C:011EH         LINE#         110
  C:0120H         LINE#         111
  C:0120H         LINE#         113
  C:0127H         LINE#         114
  C:012CH         LINE#         115
  C:0133H         LINE#         116
  C:0138H         LINE#         117
  C:013AH         LINE#         118
  C:0143H         LINE#         119
  C:014BH         LINE#         120
  -------         ENDPROC       _INIT_TM1638
  -------         PROC          PRESENCE
  -------         DO            
  D:0007H         SYMBOL        c
  D:0005H         SYMBOL        i
  -------         ENDDO         
  C:01CCH         LINE#         7
  C:01CCH         LINE#         8
  C:01CCH         LINE#         10
  C:01CEH         LINE#         11
  C:01CEH         LINE#         12
  C:01CEH         LINE#         13
  C:01D1H         LINE#         14
  C:01D4H         LINE#         15
  C:01D9H         LINE#         16
  C:01DDH         LINE#         17
  C:01DDH         LINE#         18
  C:01DFH         LINE#         19
  C:01E2H         LINE#         20
  -------         ENDPROC       PRESENCE
  -------         PROC          MAIN
  -------         DO            
  D:0001H         SYMBOL        i
  D:0038H         SYMBOL        j
  D:0039H         SYMBOL        STB_num
  D:0001H         SYMBOL        key_num
  -------         ENDDO         
  C:0003H         LINE#         21
  C:0003H         LINE#         22
  C:0003H         LINE#         24
  C:0008H         LINE#         25
  C:0012H         LINE#         26
  C:0012H         LINE#         27
  C:0017H         LINE#         28
  C:0019H         LINE#         29
  C:0026H         LINE#         30
  C:002AH         LINE#         31
  C:002AH         LINE#         32
  C:002AH         LINE#         33
  C:0034H         LINE#         34
  C:0034H         LINE#         35
  C:003BH         LINE#         36
  C:0041H         LINE#         37
  C:0041H         LINE#         38
BL51 BANKED LINKER/LOCATER V5.12                                                      05/31/2010  00:09:58  PAGE 6


  C:004CH         LINE#         39
  C:0055H         LINE#         40
  C:0065H         LINE#         41
  C:0067H         LINE#         42
  C:0079H         LINE#         43
  C:008CH         LINE#         44
  C:008CH         LINE#         45
  -------         ENDPROC       MAIN
  -------         ENDMOD        MAIN

*** WARNING L16: UNCALLED SEGMENT, IGNORED FOR OVERLAY PROCESS
    SEGMENT: ?PR?_WRITE_ONELED?MAIN

Program Size: data=64.0 xdata=0 code=533
LINK/LOCATE RUN COMPLETE.  1 WARNING(S),  0 ERROR(S)
