Archive member included because of file (symbol)

D:/Program Files/winavr/lib/gcc/avr/3.4.6/avr5\libgcc.a(_copy_data.o)
                              main.o (__do_copy_data)
D:/Program Files/winavr/lib/gcc/avr/3.4.6/avr5\libgcc.a(_clear_bss.o)
                              main.o (__do_clear_bss)

Allocating common symbols
Common symbol       size              file

num                 0x8               main.o

Memory Configuration

Name             Origin             Length             Attributes
text             0x00000000         0x00020000         xr
data             0x00800060         0x0000ffa0         rw !x
eeprom           0x00810000         0x00010000         rw !x
*default*        0x00000000         0xffffffff

Linker script and memory map

LOAD D:/Program Files/winavr/bin/../lib/gcc/avr/3.4.6/../../../../avr/lib/avr5/crtm16.o
LOAD main.o
LOAD D:/Program Files/winavr/bin/../lib/gcc/avr/3.4.6/../../../../avr/lib/avr5\libm.a
LOAD D:/Program Files/winavr/lib/gcc/avr/3.4.6/avr5\libgcc.a
LOAD D:/Program Files/winavr/bin/../lib/gcc/avr/3.4.6/../../../../avr/lib/avr5\libc.a
LOAD D:/Program Files/winavr/lib/gcc/avr/3.4.6/avr5\libgcc.a

.hash
 *(.hash)

.dynsym
 *(.dynsym)

.dynstr
 *(.dynstr)

.gnu.version
 *(.gnu.version)

.gnu.version_d
 *(.gnu.version_d)

.gnu.version_r
 *(.gnu.version_r)

.rel.init
 *(.rel.init)

.rela.init
 *(.rela.init)

.rel.text
 *(.rel.text)
 *(.rel.text.*)
 *(.rel.gnu.linkonce.t*)

.rela.text
 *(.rela.text)
 *(.rela.text.*)
 *(.rela.gnu.linkonce.t*)

.rel.fini
 *(.rel.fini)

.rela.fini
 *(.rela.fini)

.rel.rodata
 *(.rel.rodata)
 *(.rel.rodata.*)
 *(.rel.gnu.linkonce.r*)

.rela.rodata
 *(.rela.rodata)
 *(.rela.rodata.*)
 *(.rela.gnu.linkonce.r*)

.rel.data
 *(.rel.data)
 *(.rel.data.*)
 *(.rel.gnu.linkonce.d*)

.rela.data
 *(.rela.data)
 *(.rela.data.*)
 *(.rela.gnu.linkonce.d*)

.rel.ctors
 *(.rel.ctors)

.rela.ctors
 *(.rela.ctors)

.rel.dtors
 *(.rel.dtors)

.rela.dtors
 *(.rela.dtors)

.rel.got
 *(.rel.got)

.rela.got
 *(.rela.got)

.rel.bss
 *(.rel.bss)

.rela.bss
 *(.rela.bss)

.rel.plt
 *(.rel.plt)

.rela.plt
 *(.rela.plt)

.text           0x00000000      0x3bc
 *(.vectors)
 .vectors       0x00000000       0x54 D:/Program Files/winavr/bin/../lib/gcc/avr/3.4.6/../../../../avr/lib/avr5/crtm16.o
                0x00000000                __vectors
                0x00000000                __vector_default
                0x00000054                __ctors_start = .
 *(.ctors)
                0x00000054                __ctors_end = .
                0x00000054                __dtors_start = .
 *(.dtors)
                0x00000054                __dtors_end = .
 *(.progmem.gcc*)
 *(.progmem*)
 .progmem.data  0x00000054       0x10 main.o
                0x00000054                tab
                0x00000064                . = ALIGN (0x2)
 *(.init0)
 *(.init1)
 *(.init2)
 .init2         0x00000064        0xc D:/Program Files/winavr/bin/../lib/gcc/avr/3.4.6/../../../../avr/lib/avr5/crtm16.o
 *(.init3)
 *(.init4)
 .init4         0x00000070       0x16 D:/Program Files/winavr/lib/gcc/avr/3.4.6/avr5\libgcc.a(_copy_data.o)
                0x00000070                __do_copy_data
 .init4         0x00000086       0x10 D:/Program Files/winavr/lib/gcc/avr/3.4.6/avr5\libgcc.a(_clear_bss.o)
                0x00000086                __do_clear_bss
 *(.init5)
 *(.init6)
 *(.init7)
 *(.init8)
 *(.init9)
 .init9         0x00000096        0x4 D:/Program Files/winavr/bin/../lib/gcc/avr/3.4.6/../../../../avr/lib/avr5/crtm16.o
 *(.text)
 .text          0x0000009a        0x4 D:/Program Files/winavr/bin/../lib/gcc/avr/3.4.6/../../../../avr/lib/avr5/crtm16.o
                0x0000009a                __vector_1
                0x0000009a                __vector_12
                0x0000009a                __bad_interrupt
                0x0000009a                __vector_6
                0x0000009a                __vector_3
                0x0000009a                __vector_11
                0x0000009a                __vector_13
                0x0000009a                __vector_17
                0x0000009a                __vector_19
                0x0000009a                __vector_7
                0x0000009a                __vector_5
                0x0000009a                __vector_4
                0x0000009a                __vector_9
                0x0000009a                __vector_2
                0x0000009a                __vector_15
                0x0000009a                __vector_8
                0x0000009a                __vector_14
                0x0000009a                __vector_10
                0x0000009a                __vector_16
                0x0000009a                __vector_18
                0x0000009a                __vector_20
 .text          0x0000009e      0x31e main.o
                0x00000306                port_init
                0x000001da                Write_DATA
                0x000000c4                TM1638_Read
                0x0000026c                Write_oneLED
                0x00000288                Write_allLED
                0x00000100                Read_key
                0x00000200                Write_ALLDATA
                0x0000009e                TM1638_Write
                0x000002dc                init_TM1638
                0x00000338                main
                0x00000314                presence_flag
                0x000000f0                Write_COM
                0x000003bc                . = ALIGN (0x2)
 *(.text.*)
                0x000003bc                . = ALIGN (0x2)
 *(.fini9)
 *(.fini8)
 *(.fini7)
 *(.fini6)
 *(.fini5)
 *(.fini4)
 *(.fini3)
 *(.fini2)
 *(.fini1)
 *(.fini0)
                0x000003bc                _etext = .

.data           0x00800060        0x0 load address 0x000003bc
                0x00800060                PROVIDE (__data_start, .)
 *(.data)
 *(.gnu.linkonce.d*)
                0x00800060                . = ALIGN (0x2)
                0x00800060                _edata = .
                0x00800060                PROVIDE (__data_end, .)

.bss            0x00800060        0x8
                0x00800060                PROVIDE (__bss_start, .)
 *(.bss)
 *(COMMON)
 COMMON         0x00800060        0x8 main.o
                0x00800060                num
                0x00800068                PROVIDE (__bss_end, .)
                0x000003bc                __data_load_start = LOADADDR (.data)
                0x000003bc                __data_load_end = (__data_load_start + SIZEOF (.data))

.noinit         0x00800068        0x0
                0x00800068                PROVIDE (__noinit_start, .)
 *(.noinit*)
                0x00800068                PROVIDE (__noinit_end, .)
                0x00800068                _end = .
                0x00800068                PROVIDE (__heap_start, .)

.eeprom         0x00810000        0x0
 *(.eeprom*)
                0x00810000                __eeprom_end = .

.stab           0x00000000      0x36c
 *(.stab)
 .stab          0x00000000      0x36c D:/Program Files/winavr/bin/../lib/gcc/avr/3.4.6/../../../../avr/lib/avr5/crtm16.o

.stabstr        0x00000000       0x84
 *(.stabstr)
 .stabstr       0x00000000       0x84 D:/Program Files/winavr/bin/../lib/gcc/avr/3.4.6/../../../../avr/lib/avr5/crtm16.o

.stab.excl
 *(.stab.excl)

.stab.exclstr
 *(.stab.exclstr)

.stab.index
 *(.stab.index)

.stab.indexstr
 *(.stab.indexstr)

.comment
 *(.comment)

.debug
 *(.debug)

.line
 *(.line)

.debug_srcinfo
 *(.debug_srcinfo)

.debug_sfnames
 *(.debug_sfnames)

.debug_aranges  0x00000000       0x14
 *(.debug_aranges)
 .debug_aranges
                0x00000000       0x14 main.o

.debug_pubnames
                0x00000000       0xda
 *(.debug_pubnames)
 .debug_pubnames
                0x00000000       0xda main.o

.debug_info     0x00000000      0x524
 *(.debug_info)
 .debug_info    0x00000000      0x524 main.o
 *(.gnu.linkonce.wi.*)

.debug_abbrev   0x00000000      0x16f
 *(.debug_abbrev)
 .debug_abbrev  0x00000000      0x16f main.o

.debug_line     0x00000000      0x392
 *(.debug_line)
 .debug_line    0x00000000      0x392 main.o

.debug_frame
 *(.debug_frame)

.debug_str      0x00000000      0x178
 *(.debug_str)
 .debug_str     0x00000000      0x178 main.o
                                0x1da (size before relaxing)

.debug_loc
 *(.debug_loc)

.debug_macinfo
 *(.debug_macinfo)
OUTPUT(main.elf elf32-avr)

Cross Reference Table

Symbol                                            File
Read_key                                          main.o
TM1638_Read                                       main.o
TM1638_Write                                      main.o
Write_ALLDATA                                     main.o
Write_COM                                         main.o
Write_DATA                                        main.o
Write_allLED                                      main.o
Write_oneLED                                      main.o
__bad_interrupt                                   D:/Program Files/winavr/bin/../lib/gcc/avr/3.4.6/../../../../avr/lib/avr5/crtm16.o
__bss_end                                         D:/Program Files/winavr/lib/gcc/avr/3.4.6/avr5\libgcc.a(_clear_bss.o)
__bss_start                                       D:/Program Files/winavr/lib/gcc/avr/3.4.6/avr5\libgcc.a(_clear_bss.o)
__data_end                                        D:/Program Files/winavr/lib/gcc/avr/3.4.6/avr5\libgcc.a(_copy_data.o)
__data_load_start                                 D:/Program Files/winavr/lib/gcc/avr/3.4.6/avr5\libgcc.a(_copy_data.o)
__data_start                                      D:/Program Files/winavr/lib/gcc/avr/3.4.6/avr5\libgcc.a(_copy_data.o)
__do_clear_bss                                    D:/Program Files/winavr/lib/gcc/avr/3.4.6/avr5\libgcc.a(_clear_bss.o)
                                                  main.o
__do_copy_data                                    D:/Program Files/winavr/lib/gcc/avr/3.4.6/avr5\libgcc.a(_copy_data.o)
                                                  main.o
__heap_end                                        D:/Program Files/winavr/bin/../lib/gcc/avr/3.4.6/../../../../avr/lib/avr5/crtm16.o
__init                                            D:/Program Files/winavr/bin/../lib/gcc/avr/3.4.6/../../../../avr/lib/avr5/crtm16.o
__stack                                           D:/Program Files/winavr/bin/../lib/gcc/avr/3.4.6/../../../../avr/lib/avr5/crtm16.o
                                                  main.o
__vector_1                                        D:/Program Files/winavr/bin/../lib/gcc/avr/3.4.6/../../../../avr/lib/avr5/crtm16.o
__vector_10                                       D:/Program Files/winavr/bin/../lib/gcc/avr/3.4.6/../../../../avr/lib/avr5/crtm16.o
__vector_11                                       D:/Program Files/winavr/bin/../lib/gcc/avr/3.4.6/../../../../avr/lib/avr5/crtm16.o
__vector_12                                       D:/Program Files/winavr/bin/../lib/gcc/avr/3.4.6/../../../../avr/lib/avr5/crtm16.o
__vector_13                                       D:/Program Files/winavr/bin/../lib/gcc/avr/3.4.6/../../../../avr/lib/avr5/crtm16.o
__vector_14                                       D:/Program Files/winavr/bin/../lib/gcc/avr/3.4.6/../../../../avr/lib/avr5/crtm16.o
__vector_15                                       D:/Program Files/winavr/bin/../lib/gcc/avr/3.4.6/../../../../avr/lib/avr5/crtm16.o
__vector_16                                       D:/Program Files/winavr/bin/../lib/gcc/avr/3.4.6/../../../../avr/lib/avr5/crtm16.o
__vector_17                                       D:/Program Files/winavr/bin/../lib/gcc/avr/3.4.6/../../../../avr/lib/avr5/crtm16.o
__vector_18                                       D:/Program Files/winavr/bin/../lib/gcc/avr/3.4.6/../../../../avr/lib/avr5/crtm16.o
__vector_19                                       D:/Program Files/winavr/bin/../lib/gcc/avr/3.4.6/../../../../avr/lib/avr5/crtm16.o
__vector_2                                        D:/Program Files/winavr/bin/../lib/gcc/avr/3.4.6/../../../../avr/lib/avr5/crtm16.o
__vector_20                                       D:/Program Files/winavr/bin/../lib/gcc/avr/3.4.6/../../../../avr/lib/avr5/crtm16.o
__vector_3                                        D:/Program Files/winavr/bin/../lib/gcc/avr/3.4.6/../../../../avr/lib/avr5/crtm16.o
__vector_4                                        D:/Program Files/winavr/bin/../lib/gcc/avr/3.4.6/../../../../avr/lib/avr5/crtm16.o
__vector_5                                        D:/Program Files/winavr/bin/../lib/gcc/avr/3.4.6/../../../../avr/lib/avr5/crtm16.o
__vector_6                                        D:/Program Files/winavr/bin/../lib/gcc/avr/3.4.6/../../../../avr/lib/avr5/crtm16.o
__vector_7                                        D:/Program Files/winavr/bin/../lib/gcc/avr/3.4.6/../../../../avr/lib/avr5/crtm16.o
__vector_8                                        D:/Program Files/winavr/bin/../lib/gcc/avr/3.4.6/../../../../avr/lib/avr5/crtm16.o
__vector_9                                        D:/Program Files/winavr/bin/../lib/gcc/avr/3.4.6/../../../../avr/lib/avr5/crtm16.o
__vector_default                                  D:/Program Files/winavr/bin/../lib/gcc/avr/3.4.6/../../../../avr/lib/avr5/crtm16.o
__vectors                                         D:/Program Files/winavr/bin/../lib/gcc/avr/3.4.6/../../../../avr/lib/avr5/crtm16.o
init_TM1638                                       main.o
main                                              main.o
                                                  D:/Program Files/winavr/bin/../lib/gcc/avr/3.4.6/../../../../avr/lib/avr5/crtm16.o
num                                               main.o
port_init                                         main.o
presence_flag                                     main.o
tab                                               main.o
